--------------------------------------------------------------------------------
Release 13.4 Trace  (lin64)
Copyright (c) 1995-2011 Xilinx, Inc.  All rights reserved.

/usr/local/insa/Xilinx.ISE/13.4/ISE_DS/ISE/bin/lin64/unwrapped/trce -intstyle
ise -v 3 -s 3 -n 3 -fastpaths -xml ALU.twx ALU.ncd -o ALU.twr ALU.pcf

Design file:              ALU.ncd
Physical constraint file: ALU.pcf
Device,package,speed:     xc6slx16,csg324,C,-3 (PRODUCTION 1.21 2012-01-07)
Report level:             verbose report

Environment Variable      Effect 
--------------------      ------ 
NONE                      No environment variables were set
--------------------------------------------------------------------------------

INFO:Timing:2698 - No timing constraints found, doing default enumeration.
INFO:Timing:3412 - To improve timing, see the Timing Closure User Guide (UG612).
INFO:Timing:2752 - To get complete path coverage, use the unconstrained paths 
   option. All paths that are not constrained will be reported in the 
   unconstrained paths section(s) of the report.
INFO:Timing:3339 - The clock-to-out numbers in this timing report are based on 
   a 50 Ohm transmission line loading model.  For the details of this model, 
   and for more information on accounting for different loading conditions, 
   please see the device datasheet.



Data Sheet report:
-----------------
All values displayed in nanoseconds (ns)

Pad to Pad
---------------+---------------+---------+
Source Pad     |Destination Pad|  Delay  |
---------------+---------------+---------+
A<0>           |C              |   12.404|
A<0>           |N              |   12.225|
A<0>           |O              |   11.339|
A<0>           |S<0>           |   12.362|
A<0>           |S<1>           |   12.308|
A<0>           |S<2>           |   12.428|
A<0>           |S<3>           |   12.368|
A<0>           |S<4>           |   12.577|
A<0>           |S<5>           |   12.458|
A<0>           |S<6>           |   12.435|
A<0>           |S<7>           |   12.422|
A<0>           |Z              |   12.758|
A<1>           |C              |   12.350|
A<1>           |N              |   12.171|
A<1>           |O              |   11.285|
A<1>           |S<0>           |   12.308|
A<1>           |S<1>           |   12.254|
A<1>           |S<2>           |   12.374|
A<1>           |S<3>           |   12.314|
A<1>           |S<4>           |   12.523|
A<1>           |S<5>           |   12.404|
A<1>           |S<6>           |   12.381|
A<1>           |S<7>           |   12.368|
A<1>           |Z              |   12.704|
A<2>           |C              |   12.288|
A<2>           |N              |   12.109|
A<2>           |O              |   11.223|
A<2>           |S<0>           |   12.246|
A<2>           |S<1>           |   12.192|
A<2>           |S<2>           |   12.312|
A<2>           |S<3>           |   12.252|
A<2>           |S<4>           |   12.461|
A<2>           |S<5>           |   12.342|
A<2>           |S<6>           |   12.319|
A<2>           |S<7>           |   12.306|
A<2>           |Z              |   12.642|
A<3>           |C              |   12.477|
A<3>           |N              |   12.298|
A<3>           |O              |   11.412|
A<3>           |S<0>           |   12.435|
A<3>           |S<1>           |   12.381|
A<3>           |S<2>           |   12.501|
A<3>           |S<3>           |   12.441|
A<3>           |S<4>           |   12.650|
A<3>           |S<5>           |   12.531|
A<3>           |S<6>           |   12.508|
A<3>           |S<7>           |   12.495|
A<3>           |Z              |   12.831|
A<4>           |C              |   12.914|
A<4>           |N              |   12.735|
A<4>           |O              |   11.849|
A<4>           |S<0>           |   12.872|
A<4>           |S<1>           |   12.818|
A<4>           |S<2>           |   12.938|
A<4>           |S<3>           |   12.878|
A<4>           |S<4>           |   13.087|
A<4>           |S<5>           |   12.968|
A<4>           |S<6>           |   12.945|
A<4>           |S<7>           |   12.932|
A<4>           |Z              |   13.268|
A<5>           |C              |   12.740|
A<5>           |N              |   12.561|
A<5>           |O              |   11.675|
A<5>           |S<0>           |   12.698|
A<5>           |S<1>           |   12.644|
A<5>           |S<2>           |   12.764|
A<5>           |S<3>           |   12.704|
A<5>           |S<4>           |   12.913|
A<5>           |S<5>           |   12.794|
A<5>           |S<6>           |   12.771|
A<5>           |S<7>           |   12.758|
A<5>           |Z              |   13.094|
A<6>           |C              |   13.051|
A<6>           |N              |   12.872|
A<6>           |O              |   11.986|
A<6>           |S<0>           |   13.009|
A<6>           |S<1>           |   12.955|
A<6>           |S<2>           |   13.075|
A<6>           |S<3>           |   13.015|
A<6>           |S<4>           |   13.224|
A<6>           |S<5>           |   13.105|
A<6>           |S<6>           |   13.082|
A<6>           |S<7>           |   13.069|
A<6>           |Z              |   13.405|
A<7>           |C              |   13.007|
A<7>           |N              |   12.828|
A<7>           |O              |   11.942|
A<7>           |S<0>           |   12.965|
A<7>           |S<1>           |   12.911|
A<7>           |S<2>           |   13.031|
A<7>           |S<3>           |   12.971|
A<7>           |S<4>           |   13.180|
A<7>           |S<5>           |   13.061|
A<7>           |S<6>           |   13.038|
A<7>           |S<7>           |   13.025|
A<7>           |Z              |   13.361|
B<0>           |C              |   11.864|
B<0>           |N              |   11.685|
B<0>           |O              |   10.799|
B<0>           |S<0>           |   11.822|
B<0>           |S<1>           |   11.768|
B<0>           |S<2>           |   11.888|
B<0>           |S<3>           |   11.828|
B<0>           |S<4>           |   12.037|
B<0>           |S<5>           |   11.918|
B<0>           |S<6>           |   11.895|
B<0>           |S<7>           |   11.882|
B<0>           |Z              |   12.218|
B<1>           |C              |   12.048|
B<1>           |N              |   11.869|
B<1>           |O              |   10.983|
B<1>           |S<0>           |   12.006|
B<1>           |S<1>           |   11.952|
B<1>           |S<2>           |   12.072|
B<1>           |S<3>           |   12.012|
B<1>           |S<4>           |   12.221|
B<1>           |S<5>           |   12.102|
B<1>           |S<6>           |   12.079|
B<1>           |S<7>           |   12.066|
B<1>           |Z              |   12.402|
B<2>           |C              |   11.866|
B<2>           |N              |   11.687|
B<2>           |O              |   10.801|
B<2>           |S<0>           |   11.824|
B<2>           |S<1>           |   11.770|
B<2>           |S<2>           |   11.890|
B<2>           |S<3>           |   11.830|
B<2>           |S<4>           |   12.039|
B<2>           |S<5>           |   11.920|
B<2>           |S<6>           |   11.897|
B<2>           |S<7>           |   11.884|
B<2>           |Z              |   12.220|
B<3>           |C              |   11.814|
B<3>           |N              |   11.635|
B<3>           |O              |   10.749|
B<3>           |S<0>           |   11.772|
B<3>           |S<1>           |   11.718|
B<3>           |S<2>           |   11.838|
B<3>           |S<3>           |   11.778|
B<3>           |S<4>           |   11.987|
B<3>           |S<5>           |   11.868|
B<3>           |S<6>           |   11.845|
B<3>           |S<7>           |   11.832|
B<3>           |Z              |   12.168|
B<4>           |C              |   12.491|
B<4>           |N              |   12.312|
B<4>           |O              |   11.426|
B<4>           |S<0>           |   12.449|
B<4>           |S<1>           |   12.395|
B<4>           |S<2>           |   12.515|
B<4>           |S<3>           |   12.455|
B<4>           |S<4>           |   12.664|
B<4>           |S<5>           |   12.545|
B<4>           |S<6>           |   12.522|
B<4>           |S<7>           |   12.509|
B<4>           |Z              |   12.845|
B<5>           |C              |   12.303|
B<5>           |N              |   12.124|
B<5>           |O              |   11.238|
B<5>           |S<0>           |   12.261|
B<5>           |S<1>           |   12.207|
B<5>           |S<2>           |   12.327|
B<5>           |S<3>           |   12.267|
B<5>           |S<4>           |   12.476|
B<5>           |S<5>           |   12.357|
B<5>           |S<6>           |   12.334|
B<5>           |S<7>           |   12.321|
B<5>           |Z              |   12.657|
B<6>           |C              |   12.069|
B<6>           |N              |   11.890|
B<6>           |O              |   11.004|
B<6>           |S<0>           |   12.027|
B<6>           |S<1>           |   11.973|
B<6>           |S<2>           |   12.093|
B<6>           |S<3>           |   12.033|
B<6>           |S<4>           |   12.242|
B<6>           |S<5>           |   12.123|
B<6>           |S<6>           |   12.100|
B<6>           |S<7>           |   12.087|
B<6>           |Z              |   12.423|
B<7>           |C              |   12.289|
B<7>           |N              |   12.110|
B<7>           |O              |   11.224|
B<7>           |S<0>           |   12.247|
B<7>           |S<1>           |   12.193|
B<7>           |S<2>           |   12.313|
B<7>           |S<3>           |   12.253|
B<7>           |S<4>           |   12.462|
B<7>           |S<5>           |   12.343|
B<7>           |S<6>           |   12.320|
B<7>           |S<7>           |   12.307|
B<7>           |Z              |   12.643|
Ctrl_Alu<0>    |C              |    8.326|
Ctrl_Alu<0>    |N              |    8.144|
Ctrl_Alu<0>    |S<0>           |    8.132|
Ctrl_Alu<0>    |S<1>           |    8.128|
Ctrl_Alu<0>    |S<2>           |    8.320|
Ctrl_Alu<0>    |S<3>           |    8.291|
Ctrl_Alu<0>    |S<4>           |    8.496|
Ctrl_Alu<0>    |S<5>           |    8.377|
Ctrl_Alu<0>    |S<6>           |    8.354|
Ctrl_Alu<0>    |S<7>           |    8.341|
Ctrl_Alu<0>    |Z              |    8.677|
Ctrl_Alu<1>    |C              |    8.383|
Ctrl_Alu<1>    |N              |    8.204|
Ctrl_Alu<1>    |S<0>           |    8.259|
Ctrl_Alu<1>    |S<1>           |    8.205|
Ctrl_Alu<1>    |S<2>           |    8.325|
Ctrl_Alu<1>    |S<3>           |    8.296|
Ctrl_Alu<1>    |S<4>           |    8.556|
Ctrl_Alu<1>    |S<5>           |    8.437|
Ctrl_Alu<1>    |S<6>           |    8.414|
Ctrl_Alu<1>    |S<7>           |    8.401|
Ctrl_Alu<1>    |Z              |    8.737|
Ctrl_Alu<2>    |C              |    7.378|
Ctrl_Alu<2>    |N              |    7.186|
Ctrl_Alu<2>    |S<0>           |    6.942|
Ctrl_Alu<2>    |S<1>           |    6.576|
Ctrl_Alu<2>    |S<2>           |    6.430|
Ctrl_Alu<2>    |S<3>           |    6.376|
Ctrl_Alu<2>    |S<4>           |    6.492|
Ctrl_Alu<2>    |S<5>           |    6.098|
Ctrl_Alu<2>    |S<6>           |    6.614|
Ctrl_Alu<2>    |S<7>           |    7.383|
Ctrl_Alu<2>    |Z              |    7.085|
---------------+---------------+---------+


Analysis completed Tue Apr 13 11:18:46 2021 
--------------------------------------------------------------------------------

Trace Settings:
-------------------------
Trace Settings 

Peak Memory Usage: 389 MB



